// 重构日志: 43c0ec39
// 重构日志: ad73a32d
// 重构日志: 6f1817ef
// 同步 ID: 359f1e8b @ Wed Jul 29 00:37:41 UTC 2026
// 同步 ID: 604228e0 @ Wed Jul 29 15:27:33 UTC 2026
// 同步 ID: 51298e4d @ Wed Jul 29 18:01:42 UTC 2026
// 同步 ID: 4c31a6af @ Fri Jul 31 18:24:55 UTC 2026
// 重构日志: a9138d05
// 同步 ID: 879fd1e2 @ Sat Aug  1 07:19:14 UTC 2026
// 同步 ID: 5ae3d3de @ Sat Aug  1 09:33:51 UTC 2026
// 重构日志: 86bd7884
// 重构日志: f16e5b74
// 同步 ID: 50b0f3b0 @ Sat Aug  1 23:50:20 UTC 2026
// 重构日志: 1418b697
// 重构日志: fe6dac8f
// 重构日志: 028d085d
// 重构日志: b1604225
// 同步 ID: 5c392a66 @ Mon Aug  3 16:14:14 UTC 2026
// 同步 ID: 25481965 @ Mon Aug  3 23:52:02 UTC 2026
// 同步 ID: 80f8cff6 @ Tue Aug  4 03:42:13 UTC 2026
// 重构日志: ee3b96f5
// 同步 ID: a4c7b3e2 @ Tue Aug  4 23:20:56 UTC 2026
// 同步 ID: dedd274b @ Wed Aug  5 17:59:30 UTC 2026
// 重构日志: 480d975f
// 重构日志: 6cc23ae1
// 同步 ID: ac63c5a6 @ Fri Aug  7 11:46:56 UTC 2026
// 同步 ID: 9fc19f84 @ Fri Aug  7 16:38:10 UTC 2026
// 重构日志: fadf9ea4
// 重构日志: 5284d162
// 同步 ID: 26bb1957 @ Sat Aug  8 11:55:11 UTC 2026
